================================================================================
TEST REPORT - UNIFY PROJECT
================================================================================
Generated: 2025-12-20 14:27:50

TEST SUMMARY
--------------------------------------------------------------------------------
Total Tests: 14
Passed: 12 [PASS]
Failed: 0 [FAIL]
Errors: 2 [ERROR]
Skipped: 0 [SKIP]

OVERALL STATUS
--------------------------------------------------------------------------------
STATUS: FAIL
Tests failed: 0 failures, 2 errors

TEST DETAILS
--------------------------------------------------------------------------------
ERRORS:
  [ERROR] test_login_response_format (test_integration_login.TestLoginIntegration.test_login_response_format)
    Traceback (most recent call last):
    File "C:\Users\ALI ABOZEKRY\AppData\Local\Packages\PythonSoftwareFoundation.Python.3.11_qbz5n2kfra8p0\LocalCache\local-packages\Python311\site-packages\mysql\connector\network.py", line 795, in open_connection
    self.sock.connect(sockaddr)
  [ERROR] test_login_route_exists (test_integration_login.TestLoginIntegration.test_login_route_exists)
    Traceback (most recent call last):
    File "C:\Users\ALI ABOZEKRY\AppData\Local\Packages\PythonSoftwareFoundation.Python.3.11_qbz5n2kfra8p0\LocalCache\local-packages\Python311\site-packages\mysql\connector\network.py", line 795, in open_connection
    self.sock.connect(sockaddr)

PASSED TESTS:
  [PASS] 12 test(s) passed

================================================================================
END OF REPORT
================================================================================